// Jest Snapshot v1, https://goo.gl/fbAQLP

exports[`Form should match the snapshot 1`] = `
<div>
  <input
    className="name-input"
    name="name"
    onChange={[Function]}
    placeholder="Name"
    type="text"
    value=""
  />
  <input
    className="date-input"
    name="date"
    onChange={[Function]}
    placeholder="Date"
    type="date"
    value=""
  />
  <input
    className="time-input"
    name="time"
    onChange={[Function]}
    placeholder="Time"
    type="text"
    value=""
  />
  <input
    className="guests-input"
    name="guests"
    onChange={[Function]}
    placeholder="Number of guests"
    type="number"
    value=""
  />
  <button
    onClick={[Function]}
  >
    Make reservation
  </button>
</div>
`;
